../Core/Src/main.c:96:1:__io_putchar	16	static
../Core/Src/main.c:117:7:_up	16	static
../Core/Src/main.c:112:5:main	64	static
../Core/Src/main.c:126:7:_down	16	static
../Core/Src/main.c:135:7:_stop	16	static
../Core/Src/main.c:319:6:SystemClock_Config	72	static
../Core/Src/main.c:358:13:MX_TIM1_Init	96	static
../Core/Src/main.c:437:13:MX_TIM3_Init	64	static
../Core/Src/main.c:500:13:MX_TIM4_Init	64	static
../Core/Src/main.c:559:13:MX_USART2_UART_Init	8	static
../Core/Src/main.c:592:13:MX_GPIO_Init	40	static
../Core/Src/main.c:652:6:Error_Handler	4	static,ignoring_inline_asm
